// Jest Snapshot v1, https://goo.gl/fbAQLP

exports[`Debe de mostrar el CounterApp Valores por Defecto 1`] = `
<div>
  <h1>
    Counter
  </h1>
  <h2>
     
    10
     
  </h2>
  <button
    onClick={[Function]}
  >
     +1 
  </button>
  <button
    onClick={[Function]}
  >
     Reset 
  </button>
  <button
    onClick={[Function]}
  >
     -1 
  </button>
</div>
`;
